13 entries already; drafting 3
missing: nothing

  fork                 drafted from 2 source(s)
                         As Black’s KKt is only supported twice, and there is no chance of bringing up more force
                         dropped   20  names a square or a move: about one position
                         dropped    5  narrates a player as 'he' or 'she' rather than White or Black
                         dropped    5  opens with a reference to something outside it
                         dropped    2  opens by connecting to the previous sentence
  hangingPiece         drafted from 3 source(s)
                         To put a piece _en prise_, is to play it so that it may be captured.
                         dropped    9  opens with a reference to something outside it
                         dropped    9  narrates a player as 'he' or 'she' rather than White or Black
                         dropped    5  points at a particular board
                         dropped    5  opens by connecting to the previous sentence
  hangingPawn          drafted from 2 source(s)
                         [Illustration] {57} EXAMPLE 36.--In the above position it is unquestionably an advantage
                         dropped    9  names a square or a move: about one position
                         dropped    6  opens with a reference to something outside it
                         dropped    6  narrates a player as 'he' or 'she' rather than White or Black
                         dropped    6  opens by connecting to the previous sentence

drafted   3
could not ask  0
still missing  0

5 entries are waiting for review.
Nothing here reaches a player until it is endorsed.
