13 entries already; drafting 3
missing: allows_pressure, capturingDefender, trappedPiece

  capturingDefender    drafted from 2 source(s)
                         In each game the strategy of chess should set us the tasks which must be accomplished (i
                         dropped   12  narrates a player as 'he' or 'she' rather than White or Black
                         dropped    5  opens with a reference to something outside it
                         dropped    4  opens by connecting to the previous sentence
  trappedPiece         drafted from 2 source(s)
                         The Pawn usually _capped_ is the King's Knight's, because it can be more readily and eff
                         dropped    7  opens with a reference to something outside it
                         dropped    5  narrates a player as 'he' or 'she' rather than White or Black
                         dropped    4  names a square or a move: about one position
                         dropped    2  opens by connecting to the previous sentence
  allows_pressure      drafted from 1 source(s)
                         [Illustration] The method to follow is to _advance the King as far as is compatible with
                         dropped   17  narrates a player as 'he' or 'she' rather than White or Black
                         dropped   17  names a square or a move: about one position
                         dropped    7  opens with a reference to something outside it
                         dropped    5  its main clause points outside itself

drafted   3
could not ask  0
still missing  0

8 entries are waiting for review.
Nothing here reaches a player until it is endorsed.
