13 entries already; drafting 3
missing: allows_square, endgame_error, moved_into_attack

  allows_square        drafted from 4 source(s)
                         The best play in such a case is, therefore, to retreat your King's Bishop to _Queen's Kn
                         dropped    8  narrates a player as 'he' or 'she' rather than White or Black
                         dropped    6  opens with a reference to something outside it
                         dropped    3  its main clause points outside itself
                         dropped    3  points at a particular board
  endgame_error        drafted from 3 source(s)
                         [Illustration] The method to follow is to _advance the King as far as is compatible with
                         dropped   21  names a square or a move: about one position
                         dropped   16  narrates a player as 'he' or 'she' rather than White or Black
                         dropped    5  opens with a reference to something outside it
                         dropped    5  its main clause points outside itself
  moved_into_attack    nothing usable found (0 source(s) read)
                         dropped    9  narrates a player as 'he' or 'she' rather than White or Black
                         dropped    5  its main clause points outside itself
                         dropped    4  opens by connecting to the previous sentence
                         dropped    4  points at a particular board

drafted   2
could not ask  0
still missing  1

10 entries are waiting for review.
Nothing here reaches a player until it is endorsed.
