14 entries already; drafting 3
missing: pawn_error

  slow_development     drafted from 3 source(s)
                         quares, has the better chance of concentrating a superior force on some important point.
                         dropped   15  names a square or a move: about one position
                         dropped    5  narrates a player as 'he' or 'she' rather than White or Black
                         dropped    4  opens with a reference to something outside it
                         dropped    4  points at a particular board
  late_castling        drafted from 2 source(s)
                         A player moving into check may be required, by the opposing player, either to move the K
                         dropped   21  names a square or a move: about one position
                         dropped   16  narrates a player as 'he' or 'she' rather than White or Black
                         dropped    5  opens with a reference to something outside it
                         dropped    5  its main clause points outside itself
  pawn_error           drafted from 3 source(s)
                         Pawns at their fourth squares are therefore mostly more powerful than at their sixth.
                         dropped    9  names a square or a move: about one position
                         dropped    6  opens with a reference to something outside it
                         dropped    6  narrates a player as 'he' or 'she' rather than White or Black
                         dropped    6  opens by connecting to the previous sentence

drafted   3
could not ask  0
still missing  0

11 entries are waiting for review.
Nothing here reaches a player until it is endorsed.
