14 entries already; drafting 3
missing: long_think_error, moved_into_attack, repeat_move

  repeat_move          drafted from 3 source(s)
                         To “lose a move” means to make a move which is not essential to the attainment of a desi
                         dropped   20  names a square or a move: about one position
                         dropped   14  narrates a player as 'he' or 'she' rather than White or Black
                         dropped    7  opens with a reference to something outside it
                         dropped    4  points at a particular board
  long_think_error     drafted from 4 source(s)
                         No complaint respecting an adversary's time can be considered, unless this rule be stric
                         dropped   14  names a square or a move: about one position
                         dropped   11  narrates a player as 'he' or 'she' rather than White or Black
                         dropped    8  opens with a reference to something outside it
                         dropped    8  opens by connecting to the previous sentence
  moved_into_attack    nothing usable found (0 source(s) read)
                         dropped    9  narrates a player as 'he' or 'she' rather than White or Black
                         dropped    5  its main clause points outside itself
                         dropped    4  opens by connecting to the previous sentence
                         dropped    4  points at a particular board

drafted   2
could not ask  0
still missing  1

13 entries are waiting for review.
Nothing here reaches a player until it is endorsed.
