Reading the top 200 rapid players...
  ratings 2556-2932
  [1/100] Unicorn7Love (2932): 60 games
  [2/100] Kurald_Galain (2763): 60 games
  [3/100] bakingintheoven (2753): 60 games
  [4/100] stanbad1 (2716): 60 games
  [5/100] chessmem (2706): 60 games
  [6/100] RostislavB (2705): 60 games
  [7/100] wateenellende (2704): 60 games
  [8/100] T34USSR (2701): 60 games
  [9/100] chessrun2020 (2687): 60 games
  [10/100] GSW2022 (2680): 60 games
  [11/100] untitled2700 (2669): 60 games
  [12/100] Garry-Kasparov2400 (2667): 45 games
  [13/100] sachycvek (2665): 60 games
  [14/100] rehbwf (2664): 60 games
  [15/100] TooWeakTooSlow05 (2664): 60 games
  [16/100] metan0ia (2656): 60 games
  [17/100] Lance5500 (2655): 60 games
  [18/100] Newcomer68 (2650): 60 games
  [19/100] Frankeinsteinzombie (2649): 60 games
  [20/100] DerBoss64 (2644): 60 games
  [21/100] usmankhan777 (2641): 60 games
  [22/100] MrSandman1 (2640): 60 games
  [23/100] Artek_2021 (2634): 60 games
  [24/100] fb_ruhrpottasylum (2634): 60 games
  [25/100] Aspiring-Kid007 (2633): 60 games
  [26/100] molecularchemist285 (2632): 50 games
  [27/100] DailyTornado (2627): 60 games
  [28/100] AtalikS (2626): 60 games
  [29/100] tarczynski (2624): 60 games
  [30/100] Larrythecabledude (2623): 60 games
  [31/100] thetruthhurtsagain (2622): 60 games
  [32/100] boppintothebeat (2621): 60 games
  [33/100] mrwyy1 (2619): 60 games
  [34/100] sandialoca (2616): 60 games
  [35/100] gotomoon3d (2616): 60 games
  [36/100] SashaKuzhilniy (2616): 60 games
  [37/100] poj60 (2614): 60 games
  [38/100] ElimChessKG (2614): 60 games
  [39/100] Horobetz (2612): 60 games
  [40/100] kumaran2002 (2609): 60 games
  [41/100] viratTheRoss (2607): 60 games
  [42/100] RKNC (2606): 60 games
  [43/100] LavishChess (2604): 60 games
  [44/100] Gor_011 (2601): 60 games
  [45/100] danylo03 (2601): 60 games
  [46/100] Funny_the_dog_123 (2601): 60 games
  [47/100] EminovOrkhan (2600): 60 games
  [48/100] KuoCinyu (2599): 60 games
  [49/100] emandr (2598): 60 games
  [50/100] Chess_planet21 (2598): 60 games
  [51/100] TacitalMind14 (2597): 37 games
  [52/100] CRaZyFAstGamiNg1221 (2594): 60 games
  [53/100] ViktorInito_Dantes (2591): 60 games
  [54/100] DmitryPavlovich97 (2591): 60 games
  [55/100] XyloMorph (2590): 50 games
  [56/100] MarkosianDavid (2590): 60 games
  [57/100] Mikevs (2589): 60 games
  [58/100] qihang0 (2587): 60 games
  [59/100] buldog58 (2586): 60 games
  [60/100] junshixsj (2586): 60 games
  [61/100] Qcfxi_dizsdicx (2584): 60 games
  [62/100] AdamCollins (2583): 60 games
  [63/100] CalmZone (2582): 60 games
  [64/100] Knight_ofthelight73 (2581): 60 games
  [65/100] Kayrosas (2581): 60 games
  [66/100] hyo_lee (2581): 60 games
  [67/100] CVRaman (2579): 60 games
  [68/100] Fearless_Tiger (2579): 60 games
  [69/100] zee-egel (2578): 60 games
  [70/100] Solvictus (2577): 60 games
  [71/100] KCIOWA (2576): 60 games
  [72/100] chesslh (2576): 60 games
  [73/100] DTimofey (2575): 60 games
  [74/100] JurgenZwieg1900 (2574): 60 games
  [75/100] LOVEHRJ (2573): 43 games
  [76/100] Mazen_Ahmed2008 (2573): 60 games
  [77/100] OjaiJoao (2572): 60 games
  [78/100] C01B01 (2572): 60 games
  [79/100] Mente_Magika (2572): 60 games
  [80/100] Trader72 (2571): 60 games
  [81/100] blunderking2019 (2570): 60 games
  [82/100] Dead56 (2570): 52 games
  [83/100] sparsely23 (2570): 60 games
  [84/100] PARKhande (2569): 60 games
  [85/100] kirillster (2569): 60 games
  [86/100] SergeiRK (2568): 60 games
  [87/100] MOTZARTS01 (2568): 60 games
  [88/100] ChessOKRU (2566): 60 games
  [89/100] kukumber78 (2566): 60 games
  [90/100] kc6 (2565): 60 games
  [91/100] ruthless_Axael (2565): 60 games
  [92/100] OTBquadsicles (2565): 60 games
  [93/100] JamesHardey (2564): 60 games
  [94/100] Frassienco (2563): 60 games
  [95/100] Zentheon (2562): 60 games
  [96/100] messiofchessssssssss (2562): 60 games
  [97/100] Eren0429 (2560): 60 games
  [98/100] Vladislav89 (2559): 60 games
  [99/100] Shishka_v_shapke (2557): 60 games
  [100/100] jzstwac (2556): 60 games

5917 games from 100 players -> C:\Users\vujic\Documents\MachineLearning\ChessAgentSwarm\data\raw\corpus-strong
